[?25l[?2004hLorem Ipsum command should print a few paragraphs of Lorem Ipsum                
================================================================================
                                                                                
Lorem ipsum dolor sit amet, consectetur adipiscing elit. Vestibulum cursus      
consequat enim sed aliquet. Class aptent taciti sociosqu ad litora torquent per 
conubia nostra, per inceptos himenaeos. Pellentesque leo sem, sollicitudin vitae
volutpat nec, molestie ut ligula. Cras nisi lacus, interdum nec nisl vel,       
posuere blandit tellus. Mauris ut arcu et massa varius vehicula id id felis.    
Suspendisse interdum ultricies quam vel convallis. Interdum et malesuada fames  
ac ante ipsum primis in faucibus. Praesent orci sem, maximus quis lacus         
consectetur, efficitur porttitor ex. Donec non lobortis quam. Proin nisi metus, 
interdum at est et, ultrices efficitur arcu.                                    
                                                                                
Suspendisse potenti. Pellentesque libero tortor, ornare eu condimentum at,      
tempus et ante. Vestibulum quis nulla arcu. Donec iaculis ipsum id enim pulvinar
pulvinar. Pellentesque eu semper mauris, nec faucibus felis. Vestibulum ante    
ipsum primis in faucibus orci luctus et ultrices posuere cubilia curae; Proin ut
dapibus tellus, quis dignissim diam. Ut hendrerit vitae orci vitae maximus.     
                                                                                
Nullam quis urna fringilla, bibendum odio et, sodales neque. Proin erat libero, 
elementum in magna id, lobortis ultrices ante. Vivamus quis augue vitae lectus  
hendrerit finibus in laoreet augue. Donec consectetur nisl neque, sollicitudin  
pellentesque nisi tempus eget. Ut eu dolor non mauris feugiat tempus sit amet ut
velit. Sed mattis eget nunc sed varius. Vestibulum in libero a mauris fermentum [80D