[?25l[?2004hTest Project                           â”‚Select a child specification to view   [K
=======================================â”‚its details                            [K
                                       â”‚                                       [K
This project is meant to help tests    â”‚                                       [K
pass                                   â”‚                                       [K
                                       â”‚                                       [K
[No linked commits found]              â”‚                                       [K
                                       â”‚                                       [K
Implementations:                       â”‚                                       [K
  Rust Implementation                  â”‚                                       [K
                                       â”‚                                       [K
Children:                              â”‚                                       [K
  Hello World                          â”‚                                       [K
  Lorem Ipsum command should print a â€¦ â”‚                                       [K
                                       â”‚                                       [K
                                       â”‚                                       [K
                                       â”‚                                       [K
                                       â”‚                                       [K
                                       â”‚                                       [K
                                       â”‚                                       [K
                                       â”‚                                       [K
                                       â”‚                                       [K
                                       â”‚                                       [K
                                       â”‚                                       [K[80D