[?25l[?2004hTest Spec Editor[K
================[K
[K
> Initial TitleXZ                                                               
[K
â”ƒ   1 Initial Content                                                           
â”ƒ                                                                               
â”ƒ                                                                               
â”ƒ                                                                               
â”ƒ                                                                               
â”ƒ                                                                               
â”ƒ                                                                               
â”ƒ                                                                               
â”ƒ                                                                               
â”ƒ                                                                               
â”ƒ                                                                               
â”ƒ                                                                               
â”ƒ                                                                               
â”ƒ                                                                               
â”ƒ                                                                               
â”ƒ                                                                               
[K
Press Tab/Shift+Tab to switch fields, Ctrl+S to save, Esc to cancel[K[80D