[?25l[?2004hHello World Function                                                            
================================================================================
                                                                                
Git commit links for 'Hello World Function':                                    
                                                                                
> 28a78fcb4a54... (../../../../.., implements)                                  
                                                                                
Use â†‘/â†“ arrows to navigate, Enter to delete, Esc to go back                     [80D