[?25l[?2004hHello World                                                                     
================================================================================
                                                                                
  ðŸ”— Choose spec to link to                                                     
                                                                                
  4 items                                                                       
                                                                                
> Hello World Function                                                          
  Test Project                                                                  
  Rust Implementation                                                           
  Lorem Ipsum command should print a few paragraphs of Lorem Ipsum              
                                                                                
                                                                                
                                                                                
                                                                                
                                                                                
                                                                                
                                                                                
                                                                                
                                                                                
                                                                                
                                                                                
                                                                                [80D